// Jest Snapshot v1, https://goo.gl/fbAQLP

exports[`renders Footer component 1`] = `
<div>
  <nav
    class="py-4 bg-gray-700 text-slate-300"
  >
    <ol
      class="w-lg flex px-0 mx-4 md:mx-auto container"
    >
      <li
        aria-current="page"
        class="active mr-6"
      >
        © 
        2022
      </li>
      <li
        class="mr-6"
      >
        <a
          href="https://www.nam.az"
        >
          Nam.az
        </a>
      </li>
      <li
        class="mr-6"
      >
        <a
          href="https://www.quran.az"
          target="_blank"
        >
          Quran.az
        </a>
      </li>
    </ol>
  </nav>
</div>
`;
