// Jest Snapshot v1, https://goo.gl/fbAQLP

exports[`renders PrayerList component 1`] = `
<div>
  <nav
    class="flex justify-between container mx-auto"
  >
    <a
      class="py-2 flex items-center content-start text-gray-500 hover:opacity-75"
      href="/"
    >
      <img
        alt="nam.az"
        class="mr-2"
        height="30"
        src="/favicon.png"
        width="30"
      />
      Nam.az
    </a>
    <div
      class="flex flex-col"
    >
      <select
        aria-label="Haradasınız?"
        class="border-green-400 bg-green-50 text-sm rounded-md"
      >
        <option
          value="0"
        >
          Haradasınız?
        </option>
        <option
          value="1"
        >
          Bakı
        </option>
        <option
          value="2"
        >
          Sumqayıt
        </option>
        <option
          value="3"
        >
          Gəncə
        </option>
        <option
          value="4"
        >
          Lənkaran
        </option>
        <option
          value="5"
        >
          Mingəçevir
        </option>
        <option
          value="6"
        >
          Naxçıvan
        </option>
        <option
          value="7"
        >
          Ağdam
        </option>
        <option
          value="8"
        >
          Astara
        </option>
        <option
          value="9"
        >
          Beyləqan
        </option>
        <option
          value="10"
        >
          Cəlilabad
        </option>
        <option
          value="11"
        >
          Göyçay
        </option>
        <option
          value="12"
        >
          Qəbələ
        </option>
        <option
          value="13"
        >
          Qazax
        </option>
        <option
          value="14"
        >
          Quba
        </option>
        <option
          value="15"
        >
          Qusar
        </option>
        <option
          value="16"
        >
          Saatlı
        </option>
        <option
          value="17"
        >
          Sabirabad
        </option>
        <option
          value="18"
        >
          Şamaxı
        </option>
        <option
          value="19"
        >
          Şəki
        </option>
        <option
          value="20"
        >
          Şirvan
        </option>
        <option
          value="21"
        >
          Xaçmaz
        </option>
        <option
          value="22"
        >
          Yevlax
        </option>
        <option
          value="23"
        >
          Zaqatala
        </option>
        <option
          value="24"
        >
          Şuşa
        </option>
        <option
          value="25"
        >
          Marneuli
        </option>
        <option
          value="26"
        >
          Bolnisi
        </option>
      </select>
      <small>
        Bakı, Gəncə, 
        <u>
          Şuşa
        </u>
         və digər
      </small>
    </div>
  </nav>
</div>
`;
