// Jest Snapshot v1, https://goo.gl/fbAQLP

exports[`renders PrayerList component 1`] = `
<div>
  <div
    class="grid grid-cols-12 text-center"
  >
    <div
      class="prayer alert "
    >
      <h6
        class="w-full text-right md:w-auto"
      >
        Fəcr namazı
      </h6>
      <div
        class="flex w-full flex-col md:w-auto"
      >
        <h4
          class="text-2xl"
        >
          -:-
        </h4>
        <div
          class="flex justify-center"
        >
          <small>
            1 minute ago
          </small>
        </div>
      </div>
    </div>
    <div
      class="prayer alert text-slate-400"
    >
      <h6
        class="w-full text-right md:w-auto"
      >
        Günəş
      </h6>
      <div
        class="flex w-full flex-col md:w-auto"
      >
        <h4
          class="text-2xl"
        >
          -:-
        </h4>
        <div
          class="flex justify-center"
        >
          <svg
            class="text-yellow-400"
            fill="currentColor"
            height="1em"
            stroke="currentColor"
            stroke-width="0"
            viewBox="0 0 24 24"
            width="1em"
            xmlns="http://www.w3.org/2000/svg"
          >
            <path
              d="M0 0h24v24H0z"
              fill="none"
            />
            <path
              d="M20 8.69V4h-4.69L12 .69 8.69 4H4v4.69L.69 12 4 15.31V20h4.69L12 23.31 15.31 20H20v-4.69L23.31 12 20 8.69zM12 18c-3.31 0-6-2.69-6-6s2.69-6 6-6 6 2.69 6 6-2.69 6-6 6zm0-10c-2.21 0-4 1.79-4 4s1.79 4 4 4 4-1.79 4-4-1.79-4-4-4z"
            />
          </svg>
        </div>
      </div>
    </div>
    <div
      class="prayer alert alert-success"
    >
      <h6
        class="w-full text-right md:w-auto"
      >
        Zöhr namazı
      </h6>
      <div
        class="flex w-full flex-col md:w-auto"
      >
        <h4
          class="text-2xl"
        >
          -:-
        </h4>
        <div
          class="flex justify-center"
        >
          <span
            class="badge badge-yellow"
          >
            Zaman varkən,
            <br />
            Namazını qıl!
          </span>
        </div>
      </div>
    </div>
    <div
      class="prayer alert "
    >
      <h6
        class="w-full text-right md:w-auto"
      >
        Əsr namazı
      </h6>
      <div
        class="flex w-full flex-col md:w-auto"
      >
        <h4
          class="text-2xl"
        >
          -:-
        </h4>
        <div
          class="flex justify-center"
        >
          <small>
            4 minutes ago
          </small>
        </div>
      </div>
    </div>
    <div
      class="prayer alert "
    >
      <h6
        class="w-full text-right md:w-auto"
      >
        Məğrib namazı
      </h6>
      <div
        class="flex w-full flex-col md:w-auto"
      >
        <h4
          class="text-2xl"
        >
          -:-
        </h4>
        <div
          class="flex justify-center"
        >
          <small>
            5 minutes ago
          </small>
        </div>
      </div>
    </div>
    <div
      class="prayer alert "
    >
      <h6
        class="w-full text-right md:w-auto"
      >
        İşa namazı
      </h6>
      <div
        class="flex w-full flex-col md:w-auto"
      >
        <h4
          class="text-2xl"
        >
          -:-
        </h4>
        <div
          class="flex justify-center"
        >
          <small>
            6 minutes ago
          </small>
        </div>
      </div>
    </div>
  </div>
</div>
`;
